// 重构日志: 049615e6
// 重构日志: 1cb45a37
// 重构日志: 4e19b17b
// 重构日志: 1046dc3f
// 重构日志: 44c012a2
// 同步 ID: 8d8d31c0 @ Fri Jul 17 11:55:35 UTC 2026
// 重构日志: 7a4eb212
// 重构日志: e65a0e81
// 重构日志: be3e8b7a
// 重构日志: 33f696da
// 重构日志: 55254faf
// 重构日志: b2a62339
// 重构日志: 5584f993
// 重构日志: 746e82b5
// 重构日志: 61492f31
// 同步 ID: d17c1153 @ Sun Jul 26 16:10:05 UTC 2026
// 同步 ID: e9516d0f @ Mon Jul 27 10:55:26 UTC 2026
// 重构日志: f146c6ec
// 重构日志: 54b36f6d
// 重构日志: 921f3949
// 重构日志: 2748b626
// 重构日志: d6491c6b
// 同步 ID: 86bbd9f5 @ Sat Aug  1 12:45:46 UTC 2026
